Compiling the C compiler identification source file "CMakeCCompilerId.c" failed.
Compiler: /home/leo/.local/bin/sh-elf-gcc 
Build flags: 
Id flags:  

The output was:
1
/home/leo/.local/share/fxsdk/sysroot/lib/gcc/sh3eb-elf/14.1.0/../../../../sh3eb-elf/bin/ld: dso.c.obj (symbol from plugin): in function `___cxa_atexit':
(.text+0x0): multiple definition of `___dso_handle'; /home/leo/.local/share/fxsdk/sysroot/lib/gcc/sh3eb-elf/14.1.0/crtbegin.o:(.data+0x0): first defined here
/home/leo/.local/share/fxsdk/sysroot/lib/gcc/sh3eb-elf/14.1.0/../../../../sh3eb-elf/bin/ld: /tmp/ccUXxv3G.ltrans0.ltrans.o: in function `_exit':
<artificial>:(.text+0xb8): undefined reference to `__Exit'
/home/leo/.local/share/fxsdk/sysroot/lib/gcc/sh3eb-elf/14.1.0/../../../../sh3eb-elf/bin/ld: /tmp/ccUXxv3G.ltrans0.ltrans.o: in function `_alloc_dtors':
<artificial>:(.text.startup+0x18): undefined reference to `_kmalloc'
/home/leo/.local/share/fxsdk/sysroot/lib/gcc/sh3eb-elf/14.1.0/../../../../sh3eb-elf/bin/ld: /home/leo/.local/share/fxsdk/sysroot/lib/gcc/sh3eb-elf/14.1.0/../../../../sh3eb-elf/bin/ld: DWARF error: mangled line number section (bad file number)
/home/leo/.local/share/fxsdk/sysroot/lib/gcc/sh3eb-elf/14.1.0/crt1.o: in function `main_k':
(.text+0x5c): undefined reference to `___setup_argv_and_call_main'
collect2: error: ld returned 1 exit status


Compiling the CXX compiler identification source file "CMakeCXXCompilerId.cpp" failed.
Compiler: /home/leo/.local/bin/sh-elf-g++ 
Build flags: 
Id flags:  

The output was:
1
/home/leo/.local/share/fxsdk/sysroot/lib/gcc/sh3eb-elf/14.1.0/../../../../sh3eb-elf/bin/ld: dso.c.obj (symbol from plugin): in function `___cxa_atexit':
(.text+0x0): multiple definition of `___dso_handle'; /home/leo/.local/share/fxsdk/sysroot/lib/gcc/sh3eb-elf/14.1.0/crtbegin.o:(.data+0x0): first defined here
/home/leo/.local/share/fxsdk/sysroot/lib/gcc/sh3eb-elf/14.1.0/../../../../sh3eb-elf/bin/ld: /tmp/ccNeVpQN.ltrans0.ltrans.o: in function `_exit':
<artificial>:(.text+0xb8): undefined reference to `__Exit'
/home/leo/.local/share/fxsdk/sysroot/lib/gcc/sh3eb-elf/14.1.0/../../../../sh3eb-elf/bin/ld: /tmp/ccNeVpQN.ltrans0.ltrans.o: in function `_alloc_dtors':
<artificial>:(.text.startup+0x18): undefined reference to `_kmalloc'
/home/leo/.local/share/fxsdk/sysroot/lib/gcc/sh3eb-elf/14.1.0/../../../../sh3eb-elf/bin/ld: /home/leo/.local/share/fxsdk/sysroot/lib/gcc/sh3eb-elf/14.1.0/../../../../sh3eb-elf/bin/ld: DWARF error: mangled line number section (bad file number)
/home/leo/.local/share/fxsdk/sysroot/lib/gcc/sh3eb-elf/14.1.0/crt1.o: in function `main_k':
(.text+0x5c): undefined reference to `___setup_argv_and_call_main'
collect2: error: ld returned 1 exit status


