The target system is: Generic - 1 - sh
The host system is: Linux - 5.15.167.4-microsoft-standard-WSL2 - x86_64
Compiling the C compiler identification source file "CMakeCCompilerId.c" succeeded.
Compiler: /home/leo/.local/bin/sh-elf-gcc 
Build flags: 
Id flags: -c 

The output was:
0


Compilation of the C compiler identification source "CMakeCCompilerId.c" produced "CMakeCCompilerId.o"

The C compiler identification is GNU, found in "/mnt/c/Users/leo/Desktop/CASIO/Projets/CasioMini3D/V3/build-cg/CMakeFiles/3.22.1/CompilerIdC/CMakeCCompilerId.o"

Compiling the CXX compiler identification source file "CMakeCXXCompilerId.cpp" succeeded.
Compiler: /home/leo/.local/bin/sh-elf-g++ 
Build flags: 
Id flags: -c 

The output was:
0


Compilation of the CXX compiler identification source "CMakeCXXCompilerId.cpp" produced "CMakeCXXCompilerId.o"

The CXX compiler identification is GNU, found in "/mnt/c/Users/leo/Desktop/CASIO/Projets/CasioMini3D/V3/build-cg/CMakeFiles/3.22.1/CompilerIdCXX/CMakeCXXCompilerId.o"

Detecting C compiler ABI info compiled with the following output:
Change Dir: /mnt/c/Users/leo/Desktop/CASIO/Projets/CasioMini3D/V3/build-cg/CMakeFiles/CMakeTmp

Run Build Command(s):/usr/bin/gmake -f Makefile cmTC_ccac8/fast && gmake: Warning: File 'Makefile' has modification time 0.63 s in the future
/usr/bin/gmake  -f CMakeFiles/cmTC_ccac8.dir/build.make CMakeFiles/cmTC_ccac8.dir/build
gmake[1]: Entering directory '/mnt/c/Users/leo/Desktop/CASIO/Projets/CasioMini3D/V3/build-cg/CMakeFiles/CMakeTmp'
gmake[1]: Warning: File 'CMakeFiles/cmTC_ccac8.dir/flags.make' has modification time 0.62 s in the future
Building C object CMakeFiles/cmTC_ccac8.dir/CMakeCCompilerABI.c.obj
/home/leo/.local/bin/sh-elf-gcc -DTARGET_FXCG50  -v -m4-nofpu -mb -ffreestanding -nostdlib -Wa,--dsp -o CMakeFiles/cmTC_ccac8.dir/CMakeCCompilerABI.c.obj -c /usr/share/cmake-3.22/Modules/CMakeCCompilerABI.c
Using built-in specs.
COLLECT_AS_OPTIONS='--dsp'
COLLECT_GCC=/home/leo/.local/bin/sh-elf-gcc
Target: sh3eb-elf
Configured with: ../gcc-14.1.0/configure --prefix=/home/leo/.local/share/fxsdk/sysroot --target=sh3eb-elf --with-multilib-list=m3,m4-nofpu --enable-languages=c,c++ --without-headers --program-prefix=sh-elf- --enable-libssp --enable-lto --enable-clocale=generic --enable-libstdcxx-allocator --disable-threads --disable-libstdcxx-verbose --enable-cxx-flags=-fno-exceptions
Thread model: single
Supported LTO compression algorithms: zlib
gcc version 14.1.0 (GCC) 
COLLECT_GCC_OPTIONS='-D' 'TARGET_FXCG50' '-v' '-m4-nofpu' '-mb' '-ffreestanding' '-nostdlib' '-o' 'CMakeFiles/cmTC_ccac8.dir/CMakeCCompilerABI.c.obj' '-c' '-dumpdir' 'CMakeFiles/cmTC_ccac8.dir/'
 /home/leo/.local/share/fxsdk/sysroot/libexec/gcc/sh3eb-elf/14.1.0/cc1 -quiet -v -imultilib m4-nofpu -D TARGET_FXCG50 /usr/share/cmake-3.22/Modules/CMakeCCompilerABI.c -quiet -dumpdir CMakeFiles/cmTC_ccac8.dir/ -dumpbase CMakeCCompilerABI.c.c -dumpbase-ext .c -m4-nofpu -mb -version -ffreestanding -o /tmp/ccZ6tMYz.s
GNU C17 (GCC) version 14.1.0 (sh3eb-elf)
	compiled by GNU C version 11.4.0, GMP version 6.2.1, MPFR version 4.1.0, MPC version 1.2.1, isl version isl-0.24-GMP

GGC heuristics: --param ggc-min-expand=100 --param ggc-min-heapsize=131072
ignoring nonexistent directory "/home/leo/.local/share/fxsdk/sysroot/lib/gcc/sh3eb-elf/14.1.0/../../../../sh3eb-elf/sys-include"
#include "..." search starts here:
#include <...> search starts here:
 /home/leo/.local/share/fxsdk/sysroot/lib/gcc/sh3eb-elf/14.1.0/include
 /home/leo/.local/share/fxsdk/sysroot/lib/gcc/sh3eb-elf/14.1.0/include-fixed
 /home/leo/.local/share/fxsdk/sysroot/lib/gcc/sh3eb-elf/14.1.0/../../../../sh3eb-elf/include
End of search list.
Compiler executable checksum: 84b7f4202a5e442c5fdfb484778fbd9c
COLLECT_GCC_OPTIONS='-D' 'TARGET_FXCG50' '-v' '-m4-nofpu' '-mb' '-ffreestanding' '-nostdlib' '-o' 'CMakeFiles/cmTC_ccac8.dir/CMakeCCompilerABI.c.obj' '-c' '-dumpdir' 'CMakeFiles/cmTC_ccac8.dir/'
 /home/leo/.local/share/fxsdk/sysroot/lib/gcc/sh3eb-elf/14.1.0/../../../../sh3eb-elf/bin/as -big --isa=sh4a-nofpu --dsp -o CMakeFiles/cmTC_ccac8.dir/CMakeCCompilerABI.c.obj /tmp/ccZ6tMYz.s
COMPILER_PATH=/home/leo/.local/share/fxsdk/sysroot/libexec/gcc/sh3eb-elf/14.1.0/:/home/leo/.local/share/fxsdk/sysroot/libexec/gcc/sh3eb-elf/14.1.0/:/home/leo/.local/share/fxsdk/sysroot/libexec/gcc/sh3eb-elf/:/home/leo/.local/share/fxsdk/sysroot/lib/gcc/sh3eb-elf/14.1.0/:/home/leo/.local/share/fxsdk/sysroot/lib/gcc/sh3eb-elf/:/home/leo/.local/share/fxsdk/sysroot/lib/gcc/sh3eb-elf/14.1.0/../../../../sh3eb-elf/bin/
LIBRARY_PATH=/home/leo/.local/share/fxsdk/sysroot/lib/gcc/sh3eb-elf/14.1.0/m4-nofpu/:/home/leo/.local/share/fxsdk/sysroot/lib/gcc/sh3eb-elf/14.1.0/../../../../sh3eb-elf/lib/m4-nofpu/:/home/leo/.local/share/fxsdk/sysroot/lib/gcc/sh3eb-elf/14.1.0/:/home/leo/.local/share/fxsdk/sysroot/lib/gcc/sh3eb-elf/14.1.0/../../../../sh3eb-elf/lib/
COLLECT_GCC_OPTIONS='-D' 'TARGET_FXCG50' '-v' '-m4-nofpu' '-mb' '-ffreestanding' '-nostdlib' '-o' 'CMakeFiles/cmTC_ccac8.dir/CMakeCCompilerABI.c.obj' '-c' '-dumpdir' 'CMakeFiles/cmTC_ccac8.dir/CMakeCCompilerABI.c.'
Linking C executable cmTC_ccac8
/usr/bin/cmake -E cmake_link_script CMakeFiles/cmTC_ccac8.dir/link.txt --verbose=1
/home/leo/.local/bin/sh-elf-gcc  -v -nostdlib -Wl,--no-warn-rwx-segments CMakeFiles/cmTC_ccac8.dir/CMakeCCompilerABI.c.obj -o cmTC_ccac8  -lgcc 
Using built-in specs.
COLLECT_GCC=/home/leo/.local/bin/sh-elf-gcc
COLLECT_LTO_WRAPPER=/home/leo/.local/share/fxsdk/sysroot/libexec/gcc/sh3eb-elf/14.1.0/lto-wrapper
Target: sh3eb-elf
Configured with: ../gcc-14.1.0/configure --prefix=/home/leo/.local/share/fxsdk/sysroot --target=sh3eb-elf --with-multilib-list=m3,m4-nofpu --enable-languages=c,c++ --without-headers --program-prefix=sh-elf- --enable-libssp --enable-lto --enable-clocale=generic --enable-libstdcxx-allocator --disable-threads --disable-libstdcxx-verbose --enable-cxx-flags=-fno-exceptions
Thread model: single
Supported LTO compression algorithms: zlib
gcc version 14.1.0 (GCC) 
COMPILER_PATH=/home/leo/.local/share/fxsdk/sysroot/libexec/gcc/sh3eb-elf/14.1.0/:/home/leo/.local/share/fxsdk/sysroot/libexec/gcc/sh3eb-elf/14.1.0/:/home/leo/.local/share/fxsdk/sysroot/libexec/gcc/sh3eb-elf/:/home/leo/.local/share/fxsdk/sysroot/lib/gcc/sh3eb-elf/14.1.0/:/home/leo/.local/share/fxsdk/sysroot/lib/gcc/sh3eb-elf/:/home/leo/.local/share/fxsdk/sysroot/lib/gcc/sh3eb-elf/14.1.0/../../../../sh3eb-elf/bin/
LIBRARY_PATH=/home/leo/.local/share/fxsdk/sysroot/lib/gcc/sh3eb-elf/14.1.0/:/home/leo/.local/share/fxsdk/sysroot/lib/gcc/sh3eb-elf/14.1.0/../../../../sh3eb-elf/lib/
COLLECT_GCC_OPTIONS='-v' '-nostdlib' '-o' 'cmTC_ccac8' '-dumpdir' 'cmTC_ccac8.'
 /home/leo/.local/share/fxsdk/sysroot/libexec/gcc/sh3eb-elf/14.1.0/collect2 -plugin /home/leo/.local/share/fxsdk/sysroot/libexec/gcc/sh3eb-elf/14.1.0/liblto_plugin.so -plugin-opt=/home/leo/.local/share/fxsdk/sysroot/libexec/gcc/sh3eb-elf/14.1.0/lto-wrapper -plugin-opt=-fresolution=/tmp/ccZHcgi9.res -m shelf -o cmTC_ccac8 -L/home/leo/.local/share/fxsdk/sysroot/lib/gcc/sh3eb-elf/14.1.0 -L/home/leo/.local/share/fxsdk/sysroot/lib/gcc/sh3eb-elf/14.1.0/../../../../sh3eb-elf/lib --no-warn-rwx-segments CMakeFiles/cmTC_ccac8.dir/CMakeCCompilerABI.c.obj -lgcc
/home/leo/.local/share/fxsdk/sysroot/lib/gcc/sh3eb-elf/14.1.0/../../../../sh3eb-elf/bin/ld: warning: cannot find entry symbol start; defaulting to 00001000
COLLECT_GCC_OPTIONS='-v' '-nostdlib' '-o' 'cmTC_ccac8' '-dumpdir' 'cmTC_ccac8.'
gmake[1]: warning:  Clock skew detected.  Your build may be incomplete.
gmake[1]: Leaving directory '/mnt/c/Users/leo/Desktop/CASIO/Projets/CasioMini3D/V3/build-cg/CMakeFiles/CMakeTmp'
gmake: warning:  Clock skew detected.  Your build may be incomplete.



Parsed C implicit include dir info from above output: rv=done
  found start of include info
  found start of implicit include info
    add: [/home/leo/.local/share/fxsdk/sysroot/lib/gcc/sh3eb-elf/14.1.0/include]
    add: [/home/leo/.local/share/fxsdk/sysroot/lib/gcc/sh3eb-elf/14.1.0/include-fixed]
    add: [/home/leo/.local/share/fxsdk/sysroot/lib/gcc/sh3eb-elf/14.1.0/../../../../sh3eb-elf/include]
  end of search list found
  collapse include dir [/home/leo/.local/share/fxsdk/sysroot/lib/gcc/sh3eb-elf/14.1.0/include] ==> [/home/leo/.local/share/fxsdk/sysroot/lib/gcc/sh3eb-elf/14.1.0/include]
  collapse include dir [/home/leo/.local/share/fxsdk/sysroot/lib/gcc/sh3eb-elf/14.1.0/include-fixed] ==> [/home/leo/.local/share/fxsdk/sysroot/lib/gcc/sh3eb-elf/14.1.0/include-fixed]
  collapse include dir [/home/leo/.local/share/fxsdk/sysroot/lib/gcc/sh3eb-elf/14.1.0/../../../../sh3eb-elf/include] ==> [/home/leo/.local/share/fxsdk/sysroot/sh3eb-elf/include]
  implicit include dirs: [/home/leo/.local/share/fxsdk/sysroot/lib/gcc/sh3eb-elf/14.1.0/include;/home/leo/.local/share/fxsdk/sysroot/lib/gcc/sh3eb-elf/14.1.0/include-fixed;/home/leo/.local/share/fxsdk/sysroot/sh3eb-elf/include]


Parsed C implicit link information from above output:
  link line regex: [^( *|.*[/\])(sh-elf-ld|CMAKE_LINK_STARTFILE-NOTFOUND|([^/\]+-)?ld|collect2)[^/\]*( |$)]
  ignore line: [Change Dir: /mnt/c/Users/leo/Desktop/CASIO/Projets/CasioMini3D/V3/build-cg/CMakeFiles/CMakeTmp]
  ignore line: []
  ignore line: [Run Build Command(s):/usr/bin/gmake -f Makefile cmTC_ccac8/fast && gmake: Warning: File 'Makefile' has modification time 0.63 s in the future]
  ignore line: [/usr/bin/gmake  -f CMakeFiles/cmTC_ccac8.dir/build.make CMakeFiles/cmTC_ccac8.dir/build]
  ignore line: [gmake[1]: Entering directory '/mnt/c/Users/leo/Desktop/CASIO/Projets/CasioMini3D/V3/build-cg/CMakeFiles/CMakeTmp']
  ignore line: [gmake[1]: Warning: File 'CMakeFiles/cmTC_ccac8.dir/flags.make' has modification time 0.62 s in the future]
  ignore line: [Building C object CMakeFiles/cmTC_ccac8.dir/CMakeCCompilerABI.c.obj]
  ignore line: [/home/leo/.local/bin/sh-elf-gcc -DTARGET_FXCG50  -v -m4-nofpu -mb -ffreestanding -nostdlib -Wa --dsp -o CMakeFiles/cmTC_ccac8.dir/CMakeCCompilerABI.c.obj -c /usr/share/cmake-3.22/Modules/CMakeCCompilerABI.c]
  ignore line: [Using built-in specs.]
  ignore line: [COLLECT_AS_OPTIONS='--dsp']
  ignore line: [COLLECT_GCC=/home/leo/.local/bin/sh-elf-gcc]
  ignore line: [Target: sh3eb-elf]
  ignore line: [Configured with: ../gcc-14.1.0/configure --prefix=/home/leo/.local/share/fxsdk/sysroot --target=sh3eb-elf --with-multilib-list=m3 m4-nofpu --enable-languages=c c++ --without-headers --program-prefix=sh-elf- --enable-libssp --enable-lto --enable-clocale=generic --enable-libstdcxx-allocator --disable-threads --disable-libstdcxx-verbose --enable-cxx-flags=-fno-exceptions]
  ignore line: [Thread model: single]
  ignore line: [Supported LTO compression algorithms: zlib]
  ignore line: [gcc version 14.1.0 (GCC) ]
  ignore line: [COLLECT_GCC_OPTIONS='-D' 'TARGET_FXCG50' '-v' '-m4-nofpu' '-mb' '-ffreestanding' '-nostdlib' '-o' 'CMakeFiles/cmTC_ccac8.dir/CMakeCCompilerABI.c.obj' '-c' '-dumpdir' 'CMakeFiles/cmTC_ccac8.dir/']
  ignore line: [ /home/leo/.local/share/fxsdk/sysroot/libexec/gcc/sh3eb-elf/14.1.0/cc1 -quiet -v -imultilib m4-nofpu -D TARGET_FXCG50 /usr/share/cmake-3.22/Modules/CMakeCCompilerABI.c -quiet -dumpdir CMakeFiles/cmTC_ccac8.dir/ -dumpbase CMakeCCompilerABI.c.c -dumpbase-ext .c -m4-nofpu -mb -version -ffreestanding -o /tmp/ccZ6tMYz.s]
  ignore line: [GNU C17 (GCC) version 14.1.0 (sh3eb-elf)]
  ignore line: [	compiled by GNU C version 11.4.0  GMP version 6.2.1  MPFR version 4.1.0  MPC version 1.2.1  isl version isl-0.24-GMP]
  ignore line: []
  ignore line: [GGC heuristics: --param ggc-min-expand=100 --param ggc-min-heapsize=131072]
  ignore line: [ignoring nonexistent directory "/home/leo/.local/share/fxsdk/sysroot/lib/gcc/sh3eb-elf/14.1.0/../../../../sh3eb-elf/sys-include"]
  ignore line: [#include "..." search starts here:]
  ignore line: [#include <...> search starts here:]
  ignore line: [ /home/leo/.local/share/fxsdk/sysroot/lib/gcc/sh3eb-elf/14.1.0/include]
  ignore line: [ /home/leo/.local/share/fxsdk/sysroot/lib/gcc/sh3eb-elf/14.1.0/include-fixed]
  ignore line: [ /home/leo/.local/share/fxsdk/sysroot/lib/gcc/sh3eb-elf/14.1.0/../../../../sh3eb-elf/include]
  ignore line: [End of search list.]
  ignore line: [Compiler executable checksum: 84b7f4202a5e442c5fdfb484778fbd9c]
  ignore line: [COLLECT_GCC_OPTIONS='-D' 'TARGET_FXCG50' '-v' '-m4-nofpu' '-mb' '-ffreestanding' '-nostdlib' '-o' 'CMakeFiles/cmTC_ccac8.dir/CMakeCCompilerABI.c.obj' '-c' '-dumpdir' 'CMakeFiles/cmTC_ccac8.dir/']
  ignore line: [ /home/leo/.local/share/fxsdk/sysroot/lib/gcc/sh3eb-elf/14.1.0/../../../../sh3eb-elf/bin/as -big --isa=sh4a-nofpu --dsp -o CMakeFiles/cmTC_ccac8.dir/CMakeCCompilerABI.c.obj /tmp/ccZ6tMYz.s]
  ignore line: [COMPILER_PATH=/home/leo/.local/share/fxsdk/sysroot/libexec/gcc/sh3eb-elf/14.1.0/:/home/leo/.local/share/fxsdk/sysroot/libexec/gcc/sh3eb-elf/14.1.0/:/home/leo/.local/share/fxsdk/sysroot/libexec/gcc/sh3eb-elf/:/home/leo/.local/share/fxsdk/sysroot/lib/gcc/sh3eb-elf/14.1.0/:/home/leo/.local/share/fxsdk/sysroot/lib/gcc/sh3eb-elf/:/home/leo/.local/share/fxsdk/sysroot/lib/gcc/sh3eb-elf/14.1.0/../../../../sh3eb-elf/bin/]
  ignore line: [LIBRARY_PATH=/home/leo/.local/share/fxsdk/sysroot/lib/gcc/sh3eb-elf/14.1.0/m4-nofpu/:/home/leo/.local/share/fxsdk/sysroot/lib/gcc/sh3eb-elf/14.1.0/../../../../sh3eb-elf/lib/m4-nofpu/:/home/leo/.local/share/fxsdk/sysroot/lib/gcc/sh3eb-elf/14.1.0/:/home/leo/.local/share/fxsdk/sysroot/lib/gcc/sh3eb-elf/14.1.0/../../../../sh3eb-elf/lib/]
  ignore line: [COLLECT_GCC_OPTIONS='-D' 'TARGET_FXCG50' '-v' '-m4-nofpu' '-mb' '-ffreestanding' '-nostdlib' '-o' 'CMakeFiles/cmTC_ccac8.dir/CMakeCCompilerABI.c.obj' '-c' '-dumpdir' 'CMakeFiles/cmTC_ccac8.dir/CMakeCCompilerABI.c.']
  ignore line: [Linking C executable cmTC_ccac8]
  ignore line: [/usr/bin/cmake -E cmake_link_script CMakeFiles/cmTC_ccac8.dir/link.txt --verbose=1]
  ignore line: [/home/leo/.local/bin/sh-elf-gcc  -v -nostdlib -Wl --no-warn-rwx-segments CMakeFiles/cmTC_ccac8.dir/CMakeCCompilerABI.c.obj -o cmTC_ccac8  -lgcc ]
  ignore line: [Using built-in specs.]
  ignore line: [COLLECT_GCC=/home/leo/.local/bin/sh-elf-gcc]
  ignore line: [COLLECT_LTO_WRAPPER=/home/leo/.local/share/fxsdk/sysroot/libexec/gcc/sh3eb-elf/14.1.0/lto-wrapper]
  ignore line: [Target: sh3eb-elf]
  ignore line: [Configured with: ../gcc-14.1.0/configure --prefix=/home/leo/.local/share/fxsdk/sysroot --target=sh3eb-elf --with-multilib-list=m3 m4-nofpu --enable-languages=c c++ --without-headers --program-prefix=sh-elf- --enable-libssp --enable-lto --enable-clocale=generic --enable-libstdcxx-allocator --disable-threads --disable-libstdcxx-verbose --enable-cxx-flags=-fno-exceptions]
  ignore line: [Thread model: single]
  ignore line: [Supported LTO compression algorithms: zlib]
  ignore line: [gcc version 14.1.0 (GCC) ]
  ignore line: [COMPILER_PATH=/home/leo/.local/share/fxsdk/sysroot/libexec/gcc/sh3eb-elf/14.1.0/:/home/leo/.local/share/fxsdk/sysroot/libexec/gcc/sh3eb-elf/14.1.0/:/home/leo/.local/share/fxsdk/sysroot/libexec/gcc/sh3eb-elf/:/home/leo/.local/share/fxsdk/sysroot/lib/gcc/sh3eb-elf/14.1.0/:/home/leo/.local/share/fxsdk/sysroot/lib/gcc/sh3eb-elf/:/home/leo/.local/share/fxsdk/sysroot/lib/gcc/sh3eb-elf/14.1.0/../../../../sh3eb-elf/bin/]
  ignore line: [LIBRARY_PATH=/home/leo/.local/share/fxsdk/sysroot/lib/gcc/sh3eb-elf/14.1.0/:/home/leo/.local/share/fxsdk/sysroot/lib/gcc/sh3eb-elf/14.1.0/../../../../sh3eb-elf/lib/]
  ignore line: [COLLECT_GCC_OPTIONS='-v' '-nostdlib' '-o' 'cmTC_ccac8' '-dumpdir' 'cmTC_ccac8.']
  link line: [ /home/leo/.local/share/fxsdk/sysroot/libexec/gcc/sh3eb-elf/14.1.0/collect2 -plugin /home/leo/.local/share/fxsdk/sysroot/libexec/gcc/sh3eb-elf/14.1.0/liblto_plugin.so -plugin-opt=/home/leo/.local/share/fxsdk/sysroot/libexec/gcc/sh3eb-elf/14.1.0/lto-wrapper -plugin-opt=-fresolution=/tmp/ccZHcgi9.res -m shelf -o cmTC_ccac8 -L/home/leo/.local/share/fxsdk/sysroot/lib/gcc/sh3eb-elf/14.1.0 -L/home/leo/.local/share/fxsdk/sysroot/lib/gcc/sh3eb-elf/14.1.0/../../../../sh3eb-elf/lib --no-warn-rwx-segments CMakeFiles/cmTC_ccac8.dir/CMakeCCompilerABI.c.obj -lgcc]
    arg [/home/leo/.local/share/fxsdk/sysroot/libexec/gcc/sh3eb-elf/14.1.0/collect2] ==> ignore
    arg [-plugin] ==> ignore
    arg [/home/leo/.local/share/fxsdk/sysroot/libexec/gcc/sh3eb-elf/14.1.0/liblto_plugin.so] ==> ignore
    arg [-plugin-opt=/home/leo/.local/share/fxsdk/sysroot/libexec/gcc/sh3eb-elf/14.1.0/lto-wrapper] ==> ignore
    arg [-plugin-opt=-fresolution=/tmp/ccZHcgi9.res] ==> ignore
    arg [-m] ==> ignore
    arg [shelf] ==> ignore
    arg [-o] ==> ignore
    arg [cmTC_ccac8] ==> ignore
    arg [-L/home/leo/.local/share/fxsdk/sysroot/lib/gcc/sh3eb-elf/14.1.0] ==> dir [/home/leo/.local/share/fxsdk/sysroot/lib/gcc/sh3eb-elf/14.1.0]
    arg [-L/home/leo/.local/share/fxsdk/sysroot/lib/gcc/sh3eb-elf/14.1.0/../../../../sh3eb-elf/lib] ==> dir [/home/leo/.local/share/fxsdk/sysroot/lib/gcc/sh3eb-elf/14.1.0/../../../../sh3eb-elf/lib]
    arg [--no-warn-rwx-segments] ==> ignore
    arg [CMakeFiles/cmTC_ccac8.dir/CMakeCCompilerABI.c.obj] ==> ignore
    arg [-lgcc] ==> lib [gcc]
  collapse library dir [/home/leo/.local/share/fxsdk/sysroot/lib/gcc/sh3eb-elf/14.1.0] ==> [/home/leo/.local/share/fxsdk/sysroot/lib/gcc/sh3eb-elf/14.1.0]
  collapse library dir [/home/leo/.local/share/fxsdk/sysroot/lib/gcc/sh3eb-elf/14.1.0/../../../../sh3eb-elf/lib] ==> [/home/leo/.local/share/fxsdk/sysroot/sh3eb-elf/lib]
  implicit libs: [gcc]
  implicit objs: []
  implicit dirs: [/home/leo/.local/share/fxsdk/sysroot/lib/gcc/sh3eb-elf/14.1.0;/home/leo/.local/share/fxsdk/sysroot/sh3eb-elf/lib]
  implicit fwks: []


Detecting CXX compiler ABI info compiled with the following output:
Change Dir: /mnt/c/Users/leo/Desktop/CASIO/Projets/CasioMini3D/V3/build-cg/CMakeFiles/CMakeTmp

Run Build Command(s):/usr/bin/gmake -f Makefile cmTC_72294/fast && gmake: Warning: File 'Makefile' has modification time 0.64 s in the future
/usr/bin/gmake  -f CMakeFiles/cmTC_72294.dir/build.make CMakeFiles/cmTC_72294.dir/build
gmake[1]: Entering directory '/mnt/c/Users/leo/Desktop/CASIO/Projets/CasioMini3D/V3/build-cg/CMakeFiles/CMakeTmp'
gmake[1]: Warning: File 'CMakeFiles/cmTC_72294.dir/flags.make' has modification time 0.62 s in the future
Building CXX object CMakeFiles/cmTC_72294.dir/CMakeCXXCompilerABI.cpp.obj
/home/leo/.local/bin/sh-elf-g++ -DTARGET_FXCG50  -v -m4-nofpu -mb -ffreestanding -nostdlib -Wa,--dsp -o CMakeFiles/cmTC_72294.dir/CMakeCXXCompilerABI.cpp.obj -c /usr/share/cmake-3.22/Modules/CMakeCXXCompilerABI.cpp
Using built-in specs.
COLLECT_AS_OPTIONS='--dsp'
COLLECT_GCC=/home/leo/.local/bin/sh-elf-g++
Target: sh3eb-elf
Configured with: ../gcc-14.1.0/configure --prefix=/home/leo/.local/share/fxsdk/sysroot --target=sh3eb-elf --with-multilib-list=m3,m4-nofpu --enable-languages=c,c++ --without-headers --program-prefix=sh-elf- --enable-libssp --enable-lto --enable-clocale=generic --enable-libstdcxx-allocator --disable-threads --disable-libstdcxx-verbose --enable-cxx-flags=-fno-exceptions
Thread model: single
Supported LTO compression algorithms: zlib
gcc version 14.1.0 (GCC) 
COLLECT_GCC_OPTIONS='-D' 'TARGET_FXCG50' '-v' '-m4-nofpu' '-mb' '-ffreestanding' '-nostdlib' '-o' 'CMakeFiles/cmTC_72294.dir/CMakeCXXCompilerABI.cpp.obj' '-c' '-dumpdir' 'CMakeFiles/cmTC_72294.dir/'
 /home/leo/.local/share/fxsdk/sysroot/libexec/gcc/sh3eb-elf/14.1.0/cc1plus -quiet -v -imultilib m4-nofpu -D TARGET_FXCG50 /usr/share/cmake-3.22/Modules/CMakeCXXCompilerABI.cpp -quiet -dumpdir CMakeFiles/cmTC_72294.dir/ -dumpbase CMakeCXXCompilerABI.cpp.cpp -dumpbase-ext .cpp -m4-nofpu -mb -version -ffreestanding -o /tmp/ccsjckP1.s
GNU C++17 (GCC) version 14.1.0 (sh3eb-elf)
	compiled by GNU C version 11.4.0, GMP version 6.2.1, MPFR version 4.1.0, MPC version 1.2.1, isl version isl-0.24-GMP

GGC heuristics: --param ggc-min-expand=100 --param ggc-min-heapsize=131072
ignoring nonexistent directory "/home/leo/.local/share/fxsdk/sysroot/lib/gcc/sh3eb-elf/14.1.0/../../../../sh3eb-elf/sys-include"
#include "..." search starts here:
#include <...> search starts here:
 /home/leo/.local/share/fxsdk/sysroot/lib/gcc/sh3eb-elf/14.1.0/../../../../sh3eb-elf/include/c++/14.1.0
 /home/leo/.local/share/fxsdk/sysroot/lib/gcc/sh3eb-elf/14.1.0/../../../../sh3eb-elf/include/c++/14.1.0/sh3eb-elf/m4-nofpu
 /home/leo/.local/share/fxsdk/sysroot/lib/gcc/sh3eb-elf/14.1.0/../../../../sh3eb-elf/include/c++/14.1.0/backward
 /home/leo/.local/share/fxsdk/sysroot/lib/gcc/sh3eb-elf/14.1.0/include
 /home/leo/.local/share/fxsdk/sysroot/lib/gcc/sh3eb-elf/14.1.0/include-fixed
 /home/leo/.local/share/fxsdk/sysroot/lib/gcc/sh3eb-elf/14.1.0/../../../../sh3eb-elf/include
End of search list.
Compiler executable checksum: 0622cb88c0c9e9f8412cedc1ecd59b3c
COLLECT_GCC_OPTIONS='-D' 'TARGET_FXCG50' '-v' '-m4-nofpu' '-mb' '-ffreestanding' '-nostdlib' '-o' 'CMakeFiles/cmTC_72294.dir/CMakeCXXCompilerABI.cpp.obj' '-c' '-dumpdir' 'CMakeFiles/cmTC_72294.dir/'
 /home/leo/.local/share/fxsdk/sysroot/lib/gcc/sh3eb-elf/14.1.0/../../../../sh3eb-elf/bin/as -big --isa=sh4a-nofpu --dsp -o CMakeFiles/cmTC_72294.dir/CMakeCXXCompilerABI.cpp.obj /tmp/ccsjckP1.s
COMPILER_PATH=/home/leo/.local/share/fxsdk/sysroot/libexec/gcc/sh3eb-elf/14.1.0/:/home/leo/.local/share/fxsdk/sysroot/libexec/gcc/sh3eb-elf/14.1.0/:/home/leo/.local/share/fxsdk/sysroot/libexec/gcc/sh3eb-elf/:/home/leo/.local/share/fxsdk/sysroot/lib/gcc/sh3eb-elf/14.1.0/:/home/leo/.local/share/fxsdk/sysroot/lib/gcc/sh3eb-elf/:/home/leo/.local/share/fxsdk/sysroot/lib/gcc/sh3eb-elf/14.1.0/../../../../sh3eb-elf/bin/
LIBRARY_PATH=/home/leo/.local/share/fxsdk/sysroot/lib/gcc/sh3eb-elf/14.1.0/m4-nofpu/:/home/leo/.local/share/fxsdk/sysroot/lib/gcc/sh3eb-elf/14.1.0/../../../../sh3eb-elf/lib/m4-nofpu/:/home/leo/.local/share/fxsdk/sysroot/lib/gcc/sh3eb-elf/14.1.0/:/home/leo/.local/share/fxsdk/sysroot/lib/gcc/sh3eb-elf/14.1.0/../../../../sh3eb-elf/lib/
COLLECT_GCC_OPTIONS='-D' 'TARGET_FXCG50' '-v' '-m4-nofpu' '-mb' '-ffreestanding' '-nostdlib' '-o' 'CMakeFiles/cmTC_72294.dir/CMakeCXXCompilerABI.cpp.obj' '-c' '-dumpdir' 'CMakeFiles/cmTC_72294.dir/CMakeCXXCompilerABI.cpp.'
Linking CXX executable cmTC_72294
/usr/bin/cmake -E cmake_link_script CMakeFiles/cmTC_72294.dir/link.txt --verbose=1
/home/leo/.local/bin/sh-elf-g++  -v -nostdlib -Wl,--no-warn-rwx-segments CMakeFiles/cmTC_72294.dir/CMakeCXXCompilerABI.cpp.obj -o cmTC_72294  -lgcc 
Using built-in specs.
COLLECT_GCC=/home/leo/.local/bin/sh-elf-g++
COLLECT_LTO_WRAPPER=/home/leo/.local/share/fxsdk/sysroot/libexec/gcc/sh3eb-elf/14.1.0/lto-wrapper
Target: sh3eb-elf
Configured with: ../gcc-14.1.0/configure --prefix=/home/leo/.local/share/fxsdk/sysroot --target=sh3eb-elf --with-multilib-list=m3,m4-nofpu --enable-languages=c,c++ --without-headers --program-prefix=sh-elf- --enable-libssp --enable-lto --enable-clocale=generic --enable-libstdcxx-allocator --disable-threads --disable-libstdcxx-verbose --enable-cxx-flags=-fno-exceptions
Thread model: single
Supported LTO compression algorithms: zlib
gcc version 14.1.0 (GCC) 
COMPILER_PATH=/home/leo/.local/share/fxsdk/sysroot/libexec/gcc/sh3eb-elf/14.1.0/:/home/leo/.local/share/fxsdk/sysroot/libexec/gcc/sh3eb-elf/14.1.0/:/home/leo/.local/share/fxsdk/sysroot/libexec/gcc/sh3eb-elf/:/home/leo/.local/share/fxsdk/sysroot/lib/gcc/sh3eb-elf/14.1.0/:/home/leo/.local/share/fxsdk/sysroot/lib/gcc/sh3eb-elf/:/home/leo/.local/share/fxsdk/sysroot/lib/gcc/sh3eb-elf/14.1.0/../../../../sh3eb-elf/bin/
LIBRARY_PATH=/home/leo/.local/share/fxsdk/sysroot/lib/gcc/sh3eb-elf/14.1.0/:/home/leo/.local/share/fxsdk/sysroot/lib/gcc/sh3eb-elf/14.1.0/../../../../sh3eb-elf/lib/
COLLECT_GCC_OPTIONS='-v' '-nostdlib' '-o' 'cmTC_72294' '-dumpdir' 'cmTC_72294.'
 /home/leo/.local/share/fxsdk/sysroot/libexec/gcc/sh3eb-elf/14.1.0/collect2 -plugin /home/leo/.local/share/fxsdk/sysroot/libexec/gcc/sh3eb-elf/14.1.0/liblto_plugin.so -plugin-opt=/home/leo/.local/share/fxsdk/sysroot/libexec/gcc/sh3eb-elf/14.1.0/lto-wrapper -plugin-opt=-fresolution=/tmp/cc9KS8gR.res -m shelf -o cmTC_72294 -L/home/leo/.local/share/fxsdk/sysroot/lib/gcc/sh3eb-elf/14.1.0 -L/home/leo/.local/share/fxsdk/sysroot/lib/gcc/sh3eb-elf/14.1.0/../../../../sh3eb-elf/lib --no-warn-rwx-segments CMakeFiles/cmTC_72294.dir/CMakeCXXCompilerABI.cpp.obj -lgcc
/home/leo/.local/share/fxsdk/sysroot/lib/gcc/sh3eb-elf/14.1.0/../../../../sh3eb-elf/bin/ld: warning: cannot find entry symbol start; defaulting to 00001000
COLLECT_GCC_OPTIONS='-v' '-nostdlib' '-o' 'cmTC_72294' '-dumpdir' 'cmTC_72294.'
gmake[1]: warning:  Clock skew detected.  Your build may be incomplete.
gmake[1]: Leaving directory '/mnt/c/Users/leo/Desktop/CASIO/Projets/CasioMini3D/V3/build-cg/CMakeFiles/CMakeTmp'
gmake: warning:  Clock skew detected.  Your build may be incomplete.



Parsed CXX implicit include dir info from above output: rv=done
  found start of include info
  found start of implicit include info
    add: [/home/leo/.local/share/fxsdk/sysroot/lib/gcc/sh3eb-elf/14.1.0/../../../../sh3eb-elf/include/c++/14.1.0]
    add: [/home/leo/.local/share/fxsdk/sysroot/lib/gcc/sh3eb-elf/14.1.0/../../../../sh3eb-elf/include/c++/14.1.0/sh3eb-elf/m4-nofpu]
    add: [/home/leo/.local/share/fxsdk/sysroot/lib/gcc/sh3eb-elf/14.1.0/../../../../sh3eb-elf/include/c++/14.1.0/backward]
    add: [/home/leo/.local/share/fxsdk/sysroot/lib/gcc/sh3eb-elf/14.1.0/include]
    add: [/home/leo/.local/share/fxsdk/sysroot/lib/gcc/sh3eb-elf/14.1.0/include-fixed]
    add: [/home/leo/.local/share/fxsdk/sysroot/lib/gcc/sh3eb-elf/14.1.0/../../../../sh3eb-elf/include]
  end of search list found
  collapse include dir [/home/leo/.local/share/fxsdk/sysroot/lib/gcc/sh3eb-elf/14.1.0/../../../../sh3eb-elf/include/c++/14.1.0] ==> [/home/leo/.local/share/fxsdk/sysroot/sh3eb-elf/include/c++/14.1.0]
  collapse include dir [/home/leo/.local/share/fxsdk/sysroot/lib/gcc/sh3eb-elf/14.1.0/../../../../sh3eb-elf/include/c++/14.1.0/sh3eb-elf/m4-nofpu] ==> [/home/leo/.local/share/fxsdk/sysroot/sh3eb-elf/include/c++/14.1.0/sh3eb-elf/m4-nofpu]
  collapse include dir [/home/leo/.local/share/fxsdk/sysroot/lib/gcc/sh3eb-elf/14.1.0/../../../../sh3eb-elf/include/c++/14.1.0/backward] ==> [/home/leo/.local/share/fxsdk/sysroot/sh3eb-elf/include/c++/14.1.0/backward]
  collapse include dir [/home/leo/.local/share/fxsdk/sysroot/lib/gcc/sh3eb-elf/14.1.0/include] ==> [/home/leo/.local/share/fxsdk/sysroot/lib/gcc/sh3eb-elf/14.1.0/include]
  collapse include dir [/home/leo/.local/share/fxsdk/sysroot/lib/gcc/sh3eb-elf/14.1.0/include-fixed] ==> [/home/leo/.local/share/fxsdk/sysroot/lib/gcc/sh3eb-elf/14.1.0/include-fixed]
  collapse include dir [/home/leo/.local/share/fxsdk/sysroot/lib/gcc/sh3eb-elf/14.1.0/../../../../sh3eb-elf/include] ==> [/home/leo/.local/share/fxsdk/sysroot/sh3eb-elf/include]
  implicit include dirs: [/home/leo/.local/share/fxsdk/sysroot/sh3eb-elf/include/c++/14.1.0;/home/leo/.local/share/fxsdk/sysroot/sh3eb-elf/include/c++/14.1.0/sh3eb-elf/m4-nofpu;/home/leo/.local/share/fxsdk/sysroot/sh3eb-elf/include/c++/14.1.0/backward;/home/leo/.local/share/fxsdk/sysroot/lib/gcc/sh3eb-elf/14.1.0/include;/home/leo/.local/share/fxsdk/sysroot/lib/gcc/sh3eb-elf/14.1.0/include-fixed;/home/leo/.local/share/fxsdk/sysroot/sh3eb-elf/include]


Parsed CXX implicit link information from above output:
  link line regex: [^( *|.*[/\])(sh-elf-ld|CMAKE_LINK_STARTFILE-NOTFOUND|([^/\]+-)?ld|collect2)[^/\]*( |$)]
  ignore line: [Change Dir: /mnt/c/Users/leo/Desktop/CASIO/Projets/CasioMini3D/V3/build-cg/CMakeFiles/CMakeTmp]
  ignore line: []
  ignore line: [Run Build Command(s):/usr/bin/gmake -f Makefile cmTC_72294/fast && gmake: Warning: File 'Makefile' has modification time 0.64 s in the future]
  ignore line: [/usr/bin/gmake  -f CMakeFiles/cmTC_72294.dir/build.make CMakeFiles/cmTC_72294.dir/build]
  ignore line: [gmake[1]: Entering directory '/mnt/c/Users/leo/Desktop/CASIO/Projets/CasioMini3D/V3/build-cg/CMakeFiles/CMakeTmp']
  ignore line: [gmake[1]: Warning: File 'CMakeFiles/cmTC_72294.dir/flags.make' has modification time 0.62 s in the future]
  ignore line: [Building CXX object CMakeFiles/cmTC_72294.dir/CMakeCXXCompilerABI.cpp.obj]
  ignore line: [/home/leo/.local/bin/sh-elf-g++ -DTARGET_FXCG50  -v -m4-nofpu -mb -ffreestanding -nostdlib -Wa --dsp -o CMakeFiles/cmTC_72294.dir/CMakeCXXCompilerABI.cpp.obj -c /usr/share/cmake-3.22/Modules/CMakeCXXCompilerABI.cpp]
  ignore line: [Using built-in specs.]
  ignore line: [COLLECT_AS_OPTIONS='--dsp']
  ignore line: [COLLECT_GCC=/home/leo/.local/bin/sh-elf-g++]
  ignore line: [Target: sh3eb-elf]
  ignore line: [Configured with: ../gcc-14.1.0/configure --prefix=/home/leo/.local/share/fxsdk/sysroot --target=sh3eb-elf --with-multilib-list=m3 m4-nofpu --enable-languages=c c++ --without-headers --program-prefix=sh-elf- --enable-libssp --enable-lto --enable-clocale=generic --enable-libstdcxx-allocator --disable-threads --disable-libstdcxx-verbose --enable-cxx-flags=-fno-exceptions]
  ignore line: [Thread model: single]
  ignore line: [Supported LTO compression algorithms: zlib]
  ignore line: [gcc version 14.1.0 (GCC) ]
  ignore line: [COLLECT_GCC_OPTIONS='-D' 'TARGET_FXCG50' '-v' '-m4-nofpu' '-mb' '-ffreestanding' '-nostdlib' '-o' 'CMakeFiles/cmTC_72294.dir/CMakeCXXCompilerABI.cpp.obj' '-c' '-dumpdir' 'CMakeFiles/cmTC_72294.dir/']
  ignore line: [ /home/leo/.local/share/fxsdk/sysroot/libexec/gcc/sh3eb-elf/14.1.0/cc1plus -quiet -v -imultilib m4-nofpu -D TARGET_FXCG50 /usr/share/cmake-3.22/Modules/CMakeCXXCompilerABI.cpp -quiet -dumpdir CMakeFiles/cmTC_72294.dir/ -dumpbase CMakeCXXCompilerABI.cpp.cpp -dumpbase-ext .cpp -m4-nofpu -mb -version -ffreestanding -o /tmp/ccsjckP1.s]
  ignore line: [GNU C++17 (GCC) version 14.1.0 (sh3eb-elf)]
  ignore line: [	compiled by GNU C version 11.4.0  GMP version 6.2.1  MPFR version 4.1.0  MPC version 1.2.1  isl version isl-0.24-GMP]
  ignore line: []
  ignore line: [GGC heuristics: --param ggc-min-expand=100 --param ggc-min-heapsize=131072]
  ignore line: [ignoring nonexistent directory "/home/leo/.local/share/fxsdk/sysroot/lib/gcc/sh3eb-elf/14.1.0/../../../../sh3eb-elf/sys-include"]
  ignore line: [#include "..." search starts here:]
  ignore line: [#include <...> search starts here:]
  ignore line: [ /home/leo/.local/share/fxsdk/sysroot/lib/gcc/sh3eb-elf/14.1.0/../../../../sh3eb-elf/include/c++/14.1.0]
  ignore line: [ /home/leo/.local/share/fxsdk/sysroot/lib/gcc/sh3eb-elf/14.1.0/../../../../sh3eb-elf/include/c++/14.1.0/sh3eb-elf/m4-nofpu]
  ignore line: [ /home/leo/.local/share/fxsdk/sysroot/lib/gcc/sh3eb-elf/14.1.0/../../../../sh3eb-elf/include/c++/14.1.0/backward]
  ignore line: [ /home/leo/.local/share/fxsdk/sysroot/lib/gcc/sh3eb-elf/14.1.0/include]
  ignore line: [ /home/leo/.local/share/fxsdk/sysroot/lib/gcc/sh3eb-elf/14.1.0/include-fixed]
  ignore line: [ /home/leo/.local/share/fxsdk/sysroot/lib/gcc/sh3eb-elf/14.1.0/../../../../sh3eb-elf/include]
  ignore line: [End of search list.]
  ignore line: [Compiler executable checksum: 0622cb88c0c9e9f8412cedc1ecd59b3c]
  ignore line: [COLLECT_GCC_OPTIONS='-D' 'TARGET_FXCG50' '-v' '-m4-nofpu' '-mb' '-ffreestanding' '-nostdlib' '-o' 'CMakeFiles/cmTC_72294.dir/CMakeCXXCompilerABI.cpp.obj' '-c' '-dumpdir' 'CMakeFiles/cmTC_72294.dir/']
  ignore line: [ /home/leo/.local/share/fxsdk/sysroot/lib/gcc/sh3eb-elf/14.1.0/../../../../sh3eb-elf/bin/as -big --isa=sh4a-nofpu --dsp -o CMakeFiles/cmTC_72294.dir/CMakeCXXCompilerABI.cpp.obj /tmp/ccsjckP1.s]
  ignore line: [COMPILER_PATH=/home/leo/.local/share/fxsdk/sysroot/libexec/gcc/sh3eb-elf/14.1.0/:/home/leo/.local/share/fxsdk/sysroot/libexec/gcc/sh3eb-elf/14.1.0/:/home/leo/.local/share/fxsdk/sysroot/libexec/gcc/sh3eb-elf/:/home/leo/.local/share/fxsdk/sysroot/lib/gcc/sh3eb-elf/14.1.0/:/home/leo/.local/share/fxsdk/sysroot/lib/gcc/sh3eb-elf/:/home/leo/.local/share/fxsdk/sysroot/lib/gcc/sh3eb-elf/14.1.0/../../../../sh3eb-elf/bin/]
  ignore line: [LIBRARY_PATH=/home/leo/.local/share/fxsdk/sysroot/lib/gcc/sh3eb-elf/14.1.0/m4-nofpu/:/home/leo/.local/share/fxsdk/sysroot/lib/gcc/sh3eb-elf/14.1.0/../../../../sh3eb-elf/lib/m4-nofpu/:/home/leo/.local/share/fxsdk/sysroot/lib/gcc/sh3eb-elf/14.1.0/:/home/leo/.local/share/fxsdk/sysroot/lib/gcc/sh3eb-elf/14.1.0/../../../../sh3eb-elf/lib/]
  ignore line: [COLLECT_GCC_OPTIONS='-D' 'TARGET_FXCG50' '-v' '-m4-nofpu' '-mb' '-ffreestanding' '-nostdlib' '-o' 'CMakeFiles/cmTC_72294.dir/CMakeCXXCompilerABI.cpp.obj' '-c' '-dumpdir' 'CMakeFiles/cmTC_72294.dir/CMakeCXXCompilerABI.cpp.']
  ignore line: [Linking CXX executable cmTC_72294]
  ignore line: [/usr/bin/cmake -E cmake_link_script CMakeFiles/cmTC_72294.dir/link.txt --verbose=1]
  ignore line: [/home/leo/.local/bin/sh-elf-g++  -v -nostdlib -Wl --no-warn-rwx-segments CMakeFiles/cmTC_72294.dir/CMakeCXXCompilerABI.cpp.obj -o cmTC_72294  -lgcc ]
  ignore line: [Using built-in specs.]
  ignore line: [COLLECT_GCC=/home/leo/.local/bin/sh-elf-g++]
  ignore line: [COLLECT_LTO_WRAPPER=/home/leo/.local/share/fxsdk/sysroot/libexec/gcc/sh3eb-elf/14.1.0/lto-wrapper]
  ignore line: [Target: sh3eb-elf]
  ignore line: [Configured with: ../gcc-14.1.0/configure --prefix=/home/leo/.local/share/fxsdk/sysroot --target=sh3eb-elf --with-multilib-list=m3 m4-nofpu --enable-languages=c c++ --without-headers --program-prefix=sh-elf- --enable-libssp --enable-lto --enable-clocale=generic --enable-libstdcxx-allocator --disable-threads --disable-libstdcxx-verbose --enable-cxx-flags=-fno-exceptions]
  ignore line: [Thread model: single]
  ignore line: [Supported LTO compression algorithms: zlib]
  ignore line: [gcc version 14.1.0 (GCC) ]
  ignore line: [COMPILER_PATH=/home/leo/.local/share/fxsdk/sysroot/libexec/gcc/sh3eb-elf/14.1.0/:/home/leo/.local/share/fxsdk/sysroot/libexec/gcc/sh3eb-elf/14.1.0/:/home/leo/.local/share/fxsdk/sysroot/libexec/gcc/sh3eb-elf/:/home/leo/.local/share/fxsdk/sysroot/lib/gcc/sh3eb-elf/14.1.0/:/home/leo/.local/share/fxsdk/sysroot/lib/gcc/sh3eb-elf/:/home/leo/.local/share/fxsdk/sysroot/lib/gcc/sh3eb-elf/14.1.0/../../../../sh3eb-elf/bin/]
  ignore line: [LIBRARY_PATH=/home/leo/.local/share/fxsdk/sysroot/lib/gcc/sh3eb-elf/14.1.0/:/home/leo/.local/share/fxsdk/sysroot/lib/gcc/sh3eb-elf/14.1.0/../../../../sh3eb-elf/lib/]
  ignore line: [COLLECT_GCC_OPTIONS='-v' '-nostdlib' '-o' 'cmTC_72294' '-dumpdir' 'cmTC_72294.']
  link line: [ /home/leo/.local/share/fxsdk/sysroot/libexec/gcc/sh3eb-elf/14.1.0/collect2 -plugin /home/leo/.local/share/fxsdk/sysroot/libexec/gcc/sh3eb-elf/14.1.0/liblto_plugin.so -plugin-opt=/home/leo/.local/share/fxsdk/sysroot/libexec/gcc/sh3eb-elf/14.1.0/lto-wrapper -plugin-opt=-fresolution=/tmp/cc9KS8gR.res -m shelf -o cmTC_72294 -L/home/leo/.local/share/fxsdk/sysroot/lib/gcc/sh3eb-elf/14.1.0 -L/home/leo/.local/share/fxsdk/sysroot/lib/gcc/sh3eb-elf/14.1.0/../../../../sh3eb-elf/lib --no-warn-rwx-segments CMakeFiles/cmTC_72294.dir/CMakeCXXCompilerABI.cpp.obj -lgcc]
    arg [/home/leo/.local/share/fxsdk/sysroot/libexec/gcc/sh3eb-elf/14.1.0/collect2] ==> ignore
    arg [-plugin] ==> ignore
    arg [/home/leo/.local/share/fxsdk/sysroot/libexec/gcc/sh3eb-elf/14.1.0/liblto_plugin.so] ==> ignore
    arg [-plugin-opt=/home/leo/.local/share/fxsdk/sysroot/libexec/gcc/sh3eb-elf/14.1.0/lto-wrapper] ==> ignore
    arg [-plugin-opt=-fresolution=/tmp/cc9KS8gR.res] ==> ignore
    arg [-m] ==> ignore
    arg [shelf] ==> ignore
    arg [-o] ==> ignore
    arg [cmTC_72294] ==> ignore
    arg [-L/home/leo/.local/share/fxsdk/sysroot/lib/gcc/sh3eb-elf/14.1.0] ==> dir [/home/leo/.local/share/fxsdk/sysroot/lib/gcc/sh3eb-elf/14.1.0]
    arg [-L/home/leo/.local/share/fxsdk/sysroot/lib/gcc/sh3eb-elf/14.1.0/../../../../sh3eb-elf/lib] ==> dir [/home/leo/.local/share/fxsdk/sysroot/lib/gcc/sh3eb-elf/14.1.0/../../../../sh3eb-elf/lib]
    arg [--no-warn-rwx-segments] ==> ignore
    arg [CMakeFiles/cmTC_72294.dir/CMakeCXXCompilerABI.cpp.obj] ==> ignore
    arg [-lgcc] ==> lib [gcc]
  collapse library dir [/home/leo/.local/share/fxsdk/sysroot/lib/gcc/sh3eb-elf/14.1.0] ==> [/home/leo/.local/share/fxsdk/sysroot/lib/gcc/sh3eb-elf/14.1.0]
  collapse library dir [/home/leo/.local/share/fxsdk/sysroot/lib/gcc/sh3eb-elf/14.1.0/../../../../sh3eb-elf/lib] ==> [/home/leo/.local/share/fxsdk/sysroot/sh3eb-elf/lib]
  implicit libs: [gcc]
  implicit objs: []
  implicit dirs: [/home/leo/.local/share/fxsdk/sysroot/lib/gcc/sh3eb-elf/14.1.0;/home/leo/.local/share/fxsdk/sysroot/sh3eb-elf/lib]
  implicit fwks: []


